0:0:0:0:0:0:0:1 - - [16/May/2026:19:16:27 +0800] "GET /nacos/ HTTP/1.1" 200 2780 100 Mozilla/5.0 (iPhone; CPU iPhone OS 18_5 like Mac OS X) AppleWebKit/605.1.15 (KHTML, like Gecko) Version/18.5 Mobile/15E148 Safari/604.1 -
0:0:0:0:0:0:0:1 - - [16/May/2026:19:16:28 +0800] "GET /nacos/console-ui/public/css/bootstrap.css HTTP/1.1" 200 123294 9 Mozilla/5.0 (iPhone; CPU iPhone OS 18_5 like Mac OS X) AppleWebKit/605.1.15 (KHTML, like Gecko) Version/18.5 Mobile/15E148 Safari/604.1 -
0:0:0:0:0:0:0:1 - - [16/May/2026:19:16:28 +0800] "GET /nacos/console-ui/public/css/console1412.css HTTP/1.1" 200 156959 6 Mozilla/5.0 (iPhone; CPU iPhone OS 18_5 like Mac OS X) AppleWebKit/605.1.15 (KHTML, like Gecko) Version/18.5 Mobile/15E148 Safari/604.1 -
0:0:0:0:0:0:0:1 - - [16/May/2026:19:16:28 +0800] "GET /nacos/console-ui/public/css/icon.css HTTP/1.1" 200 5176 3 Mozilla/5.0 (iPhone; CPU iPhone OS 18_5 like Mac OS X) AppleWebKit/605.1.15 (KHTML, like Gecko) Version/18.5 Mobile/15E148 Safari/604.1 -
0:0:0:0:0:0:0:1 - - [16/May/2026:19:16:28 +0800] "GET /nacos/console-ui/public/css/merge.css HTTP/1.1" 200 3866 3 Mozilla/5.0 (iPhone; CPU iPhone OS 18_5 like Mac OS X) AppleWebKit/605.1.15 (KHTML, like Gecko) Version/18.5 Mobile/15E148 Safari/604.1 -
0:0:0:0:0:0:0:1 - - [16/May/2026:19:16:28 +0800] "GET /nacos/console-ui/public/css/codemirror.css HTTP/1.1" 200 8858 3 Mozilla/5.0 (iPhone; CPU iPhone OS 18_5 like Mac OS X) AppleWebKit/605.1.15 (KHTML, like Gecko) Version/18.5 Mobile/15E148 Safari/604.1 -
0:0:0:0:0:0:0:1 - - [16/May/2026:19:16:28 +0800] "GET /nacos/console-ui/public/css/font-awesome.css HTTP/1.1" 200 33850 3 Mozilla/5.0 (iPhone; CPU iPhone OS 18_5 like Mac OS X) AppleWebKit/605.1.15 (KHTML, like Gecko) Version/18.5 Mobile/15E148 Safari/604.1 -
0:0:0:0:0:0:0:1 - - [16/May/2026:19:16:28 +0800] "GET /nacos/console-ui/public/js/jquery.js HTTP/1.1" 200 89476 11 Mozilla/5.0 (iPhone; CPU iPhone OS 18_5 like Mac OS X) AppleWebKit/605.1.15 (KHTML, like Gecko) Version/18.5 Mobile/15E148 Safari/604.1 -
0:0:0:0:0:0:0:1 - - [16/May/2026:19:16:28 +0800] "GET /nacos/console-ui/public/js/javascript.js HTTP/1.1" 200 32209 4 Mozilla/5.0 (iPhone; CPU iPhone OS 18_5 like Mac OS X) AppleWebKit/605.1.15 (KHTML, like Gecko) Version/18.5 Mobile/15E148 Safari/604.1 -
0:0:0:0:0:0:0:1 - - [16/May/2026:19:16:28 +0800] "GET /nacos/console-ui/public/js/xml.js HTTP/1.1" 200 13059 5 Mozilla/5.0 (iPhone; CPU iPhone OS 18_5 like Mac OS X) AppleWebKit/605.1.15 (KHTML, like Gecko) Version/18.5 Mobile/15E148 Safari/604.1 -
0:0:0:0:0:0:0:1 - - [16/May/2026:19:16:28 +0800] "GET /nacos/console-ui/public/js/codemirror.addone.fullscreen.js HTTP/1.1" 200 1983 3 Mozilla/5.0 (iPhone; CPU iPhone OS 18_5 like Mac OS X) AppleWebKit/605.1.15 (KHTML, like Gecko) Version/18.5 Mobile/15E148 Safari/604.1 -
0:0:0:0:0:0:0:1 - - [16/May/2026:19:16:28 +0800] "GET /nacos/console-ui/public/js/codemirror.addone.lint.js HTTP/1.1" 200 8521 4 Mozilla/5.0 (iPhone; CPU iPhone OS 18_5 like Mac OS X) AppleWebKit/605.1.15 (KHTML, like Gecko) Version/18.5 Mobile/15E148 Safari/604.1 -
0:0:0:0:0:0:0:1 - - [16/May/2026:19:16:28 +0800] "GET /nacos/console-ui/public/js/codemirror.lib.json-lint.js HTTP/1.1" 200 16798 6 Mozilla/5.0 (iPhone; CPU iPhone OS 18_5 like Mac OS X) AppleWebKit/605.1.15 (KHTML, like Gecko) Version/18.5 Mobile/15E148 Safari/604.1 -
0:0:0:0:0:0:0:1 - - [16/May/2026:19:16:28 +0800] "GET /nacos/console-ui/public/js/codemirror.addone.json-lint.js HTTP/1.1" 200 1443 4 Mozilla/5.0 (iPhone; CPU iPhone OS 18_5 like Mac OS X) AppleWebKit/605.1.15 (KHTML, like Gecko) Version/18.5 Mobile/15E148 Safari/604.1 -
0:0:0:0:0:0:0:1 - - [16/May/2026:19:16:28 +0800] "GET /nacos/console-ui/public/js/codemirror.lib.clike-lint.js HTTP/1.1" 200 31531 4 Mozilla/5.0 (iPhone; CPU iPhone OS 18_5 like Mac OS X) AppleWebKit/605.1.15 (KHTML, like Gecko) Version/18.5 Mobile/15E148 Safari/604.1 -
0:0:0:0:0:0:0:1 - - [16/May/2026:19:16:29 +0800] "GET /nacos/console-ui/public/js/diff_match_patch.js HTTP/1.1" 200 19192 4 Mozilla/5.0 (iPhone; CPU iPhone OS 18_5 like Mac OS X) AppleWebKit/605.1.15 (KHTML, like Gecko) Version/18.5 Mobile/15E148 Safari/604.1 -
0:0:0:0:0:0:0:1 - - [16/May/2026:19:16:29 +0800] "GET /nacos/console-ui/public/js/codemirror.js HTTP/1.1" 200 366246 811 Mozilla/5.0 (iPhone; CPU iPhone OS 18_5 like Mac OS X) AppleWebKit/605.1.15 (KHTML, like Gecko) Version/18.5 Mobile/15E148 Safari/604.1 -
0:0:0:0:0:0:0:1 - - [16/May/2026:19:16:29 +0800] "GET /nacos/console-ui/public/js/merge.js HTTP/1.1" 200 37883 4 Mozilla/5.0 (iPhone; CPU iPhone OS 18_5 like Mac OS X) AppleWebKit/605.1.15 (KHTML, like Gecko) Version/18.5 Mobile/15E148 Safari/604.1 -
0:0:0:0:0:0:0:1 - - [16/May/2026:19:16:29 +0800] "GET /nacos/console-ui/public/js/loader.js HTTP/1.1" 200 28899 3 Mozilla/5.0 (iPhone; CPU iPhone OS 18_5 like Mac OS X) AppleWebKit/605.1.15 (KHTML, like Gecko) Version/18.5 Mobile/15E148 Safari/604.1 -
0:0:0:0:0:0:0:1 - - [16/May/2026:19:16:29 +0800] "GET /.well-known/appspecific/com.chrome.devtools.json HTTP/1.1" 404 431 2 Mozilla/5.0 (Windows NT 10.0; Win64; x64) AppleWebKit/537.36 (KHTML, like Gecko) Chrome/148.0.0.0 Safari/537.36 -
0:0:0:0:0:0:0:1 - - [16/May/2026:19:16:30 +0800] "GET /nacos/css/main.css?6d7b5e4fd7099b3cad92 HTTP/1.1" 200 775193 1867 Mozilla/5.0 (iPhone; CPU iPhone OS 18_5 like Mac OS X) AppleWebKit/605.1.15 (KHTML, like Gecko) Version/18.5 Mobile/15E148 Safari/604.1 -
0:0:0:0:0:0:0:1 - - [16/May/2026:19:16:30 +0800] "GET /nacos/console-ui/min-maps/vs/loader.js.map HTTP/1.1" 404 175 53 Mozilla/5.0 (Windows NT 10.0; Win64; x64) AppleWebKit/537.36 (KHTML, like Gecko) Chrome/148.0.0.0 Safari/537.36 -
0:0:0:0:0:0:0:1 - - [16/May/2026:19:16:31 +0800] "GET /nacos/js/main.js?6d7b5e4fd7099b3cad92 HTTP/1.1" 200 1675207 2399 Mozilla/5.0 (iPhone; CPU iPhone OS 18_5 like Mac OS X) AppleWebKit/605.1.15 (KHTML, like Gecko) Version/18.5 Mobile/15E148 Safari/604.1 -
0:0:0:0:0:0:0:1 - - [16/May/2026:19:16:31 +0800] "GET /nacos/console-ui/public/fonts/roboto-regular.woff2 HTTP/1.1" 200 19988 11 Mozilla/5.0 (iPhone; CPU iPhone OS 18_5 like Mac OS X) AppleWebKit/605.1.15 (KHTML, like Gecko) Version/18.5 Mobile/15E148 Safari/604.1 -
0:0:0:0:0:0:0:1 - - [16/May/2026:19:16:31 +0800] "GET /nacos/img/logo-2000-390.svg HTTP/1.1" 200 2106 3 Mozilla/5.0 (iPhone; CPU iPhone OS 18_5 like Mac OS X) AppleWebKit/605.1.15 (KHTML, like Gecko) Version/18.5 Mobile/15E148 Safari/604.1 -
0:0:0:0:0:0:0:1 - - [16/May/2026:19:16:31 +0800] "GET /nacos/v1/console/server/guide HTTP/1.1" 200 351 19 Mozilla/5.0 (iPhone; CPU iPhone OS 18_5 like Mac OS X) AppleWebKit/605.1.15 (KHTML, like Gecko) Version/18.5 Mobile/15E148 Safari/604.1 -
0:0:0:0:0:0:0:1 - - [16/May/2026:19:16:31 +0800] "GET /nacos/v1/console/server/announcement?language=zh-CN HTTP/1.1" 200 177 22 Mozilla/5.0 (iPhone; CPU iPhone OS 18_5 like Mac OS X) AppleWebKit/605.1.15 (KHTML, like Gecko) Version/18.5 Mobile/15E148 Safari/604.1 -
0:0:0:0:0:0:0:1 - - [16/May/2026:19:16:31 +0800] "GET /nacos/v1/console/server/state HTTP/1.1" 200 664 28 Mozilla/5.0 (iPhone; CPU iPhone OS 18_5 like Mac OS X) AppleWebKit/605.1.15 (KHTML, like Gecko) Version/18.5 Mobile/15E148 Safari/604.1 -
0:0:0:0:0:0:0:1 - - [16/May/2026:19:16:32 +0800] "GET /nacos/v1/console/server/state HTTP/1.1" 200 664 3 Mozilla/5.0 (iPhone; CPU iPhone OS 18_5 like Mac OS X) AppleWebKit/605.1.15 (KHTML, like Gecko) Version/18.5 Mobile/15E148 Safari/604.1 -
0:0:0:0:0:0:0:1 - - [16/May/2026:19:16:32 +0800] "GET /nacos/console-ui/public/fonts/font_1533967_slipq25tezj.woff2 HTTP/1.1" 200 6448 5 Mozilla/5.0 (iPhone; CPU iPhone OS 18_5 like Mac OS X) AppleWebKit/605.1.15 (KHTML, like Gecko) Version/18.5 Mobile/15E148 Safari/604.1 -
0:0:0:0:0:0:0:1 - - [16/May/2026:19:16:32 +0800] "GET /nacos/console-ui/public/fonts/roboto-medium.woff2 HTTP/1.1" 200 20044 5 Mozilla/5.0 (iPhone; CPU iPhone OS 18_5 like Mac OS X) AppleWebKit/605.1.15 (KHTML, like Gecko) Version/18.5 Mobile/15E148 Safari/604.1 -
0:0:0:0:0:0:0:1 - - [16/May/2026:19:16:32 +0800] "GET /nacos/console-ui/public/fonts/roboto-bold.woff2 HTTP/1.1" 200 20248 6 Mozilla/5.0 (iPhone; CPU iPhone OS 18_5 like Mac OS X) AppleWebKit/605.1.15 (KHTML, like Gecko) Version/18.5 Mobile/15E148 Safari/604.1 -
0:0:0:0:0:0:0:1 - - [16/May/2026:19:16:32 +0800] "GET /nacos/v1/console/namespaces?&namespaceId= HTTP/1.1" 200 151 31 Mozilla/5.0 (iPhone; CPU iPhone OS 18_5 like Mac OS X) AppleWebKit/605.1.15 (KHTML, like Gecko) Version/18.5 Mobile/15E148 Safari/604.1 -
0:0:0:0:0:0:0:1 - - [16/May/2026:19:16:33 +0800] "GET /nacos/console-ui/public/js/vs/editor/editor.main.js HTTP/1.1" 200 1824087 1915 Mozilla/5.0 (iPhone; CPU iPhone OS 18_5 like Mac OS X) AppleWebKit/605.1.15 (KHTML, like Gecko) Version/18.5 Mobile/15E148 Safari/604.1 -
0:0:0:0:0:0:0:1 - - [16/May/2026:19:16:34 +0800] "GET /nacos/console-ui/public/js/vs/editor/editor.main.css HTTP/1.1" 200 172199 8 Mozilla/5.0 (iPhone; CPU iPhone OS 18_5 like Mac OS X) AppleWebKit/605.1.15 (KHTML, like Gecko) Version/18.5 Mobile/15E148 Safari/604.1 -
0:0:0:0:0:0:0:1 - - [16/May/2026:19:16:34 +0800] "GET /nacos/console-ui/public/js/vs/editor/editor.main.nls.zh-cn.js HTTP/1.1" 200 22864 4 Mozilla/5.0 (iPhone; CPU iPhone OS 18_5 like Mac OS X) AppleWebKit/605.1.15 (KHTML, like Gecko) Version/18.5 Mobile/15E148 Safari/604.1 -
0:0:0:0:0:0:0:1 - - [16/May/2026:19:16:34 +0800] "GET /nacos/console-ui/public/min-maps/vs/editor/editor.main.js.map HTTP/1.1" 404 194 6 Mozilla/5.0 (Windows NT 10.0; Win64; x64) AppleWebKit/537.36 (KHTML, like Gecko) Chrome/148.0.0.0 Safari/537.36 -
0:0:0:0:0:0:0:1 - - [16/May/2026:19:16:34 +0800] "GET /nacos/console-ui/public/min-maps/vs/editor/editor.main.nls.zh-cn.js.map HTTP/1.1" 404 204 7 Mozilla/5.0 (Windows NT 10.0; Win64; x64) AppleWebKit/537.36 (KHTML, like Gecko) Chrome/148.0.0.0 Safari/537.36 -
0:0:0:0:0:0:0:1 - - [16/May/2026:19:16:34 +0800] "GET /nacos/console-ui/public/img/nacos-logo.png HTTP/1.1" 200 1529 3 Mozilla/5.0 (iPhone; CPU iPhone OS 18_5 like Mac OS X) AppleWebKit/605.1.15 (KHTML, like Gecko) Version/18.5 Mobile/15E148 Safari/604.1 -
0:0:0:0:0:0:0:1 - - [16/May/2026:19:17:31 +0800] "GET /favicon.ico HTTP/1.1" 404 431 1 Mozilla/5.0 (Windows NT 10.0; Win64; x64) AppleWebKit/537.36 (KHTML, like Gecko) Chrome/148.0.0.0 Safari/537.36 -
0:0:0:0:0:0:0:1 - - [16/May/2026:19:21:23 +0800] "GET /nacos/v1/cs/history/configs?tenant=&namespaceId= HTTP/1.1" 200 201 24 Mozilla/5.0 (Windows NT 10.0; Win64; x64) AppleWebKit/537.36 (KHTML, like Gecko) Chrome/148.0.0.0 Safari/537.36 -
0:0:0:0:0:0:0:1 - - [16/May/2026:19:21:23 +0800] "GET /nacos/v1/cs/configs?dataId=&group=&appName=&config_tags=&pageNo=1&pageSize=10&tenant=&types=&search=blur HTTP/1.1" 200 311 32 Mozilla/5.0 (Windows NT 10.0; Win64; x64) AppleWebKit/537.36 (KHTML, like Gecko) Chrome/148.0.0.0 Safari/537.36 -
