2026-05-17 10:58:53,193 INFO SPI service [com.alipay.sofa.jraft.JRaftServiceFactory - com.alipay.sofa.jraft.core.DefaultJRaftServiceFactory] loading.

2026-05-17 10:58:53,286 INFO SPI service [com.alipay.sofa.jraft.rpc.RaftRpcFactory - com.alipay.sofa.jraft.rpc.impl.GrpcRaftRpcFactory] loading.

2026-05-17 10:58:53,437 INFO SPI service [com.alipay.sofa.jraft.util.timer.RaftTimerFactory - com.alipay.sofa.jraft.util.timer.DefaultRaftTimerFactory] loading.

2026-05-17 10:58:53,443 INFO The number of active nodes increment to 1.

2026-05-17 10:58:53,746 INFO Truncated prefix logs in data path: D:\Downloads\nacos\data\protocol\raft\naming_persistent_service\log from log index 0 to 8, cost 1 ms.

2026-05-17 10:58:53,750 INFO Starts FSMCaller successfully.

2026-05-17 10:58:53,763 INFO Loading snapshot, meta=last_included_index: 8
last_included_term: 8
peers: "169.254.205.49:7848"
.

2026-05-17 10:58:53,824 INFO Node <naming_persistent_service/169.254.205.49:7848> onSnapshotLoadDone, last_included_index: 8
last_included_term: 8
peers: "169.254.205.49:7848"


2026-05-17 10:58:53,825 INFO Node <naming_persistent_service/169.254.205.49:7848> target priority value has changed from: 0, to: -1.

2026-05-17 10:58:53,833 INFO Node <naming_persistent_service/169.254.205.49:7848> init, term=8, lastLogId=LogId [index=8, term=8], conf=169.254.205.49:7848, oldConf=.

2026-05-17 10:58:53,837 INFO Node <naming_persistent_service/169.254.205.49:7848> start vote and grant vote self, term=8.

2026-05-17 10:58:53,851 WARN Unable to fsync directory D:\Downloads\nacos\data\protocol\raft\naming_persistent_service\meta-data on windows.

2026-05-17 10:58:53,851 INFO Save raft meta, path=D:\Downloads\nacos\data\protocol\raft\naming_persistent_service\meta-data, term=9, votedFor=169.254.205.49:7848, cost time=13 ms

2026-05-17 10:58:53,851 INFO Node <naming_persistent_service/169.254.205.49:7848> become leader of group, term=9, conf=169.254.205.49:7848, oldConf=.

2026-05-17 10:58:53,852 INFO -Djraft.recyclers.maxCapacityPerThread: 4096.

2026-05-17 10:58:53,854 WARN RPC server is not started in RaftGroupService.

2026-05-17 10:58:53,854 INFO Start the RaftGroupService successfully.

2026-05-17 10:58:53,866 INFO onLeaderStart: term=9.

2026-05-17 10:58:53,947 INFO The number of active nodes increment to 2.

2026-05-17 10:58:53,982 INFO Creating new channel to: 169.254.205.49:7848.

2026-05-17 10:58:53,995 INFO The channel 169.254.205.49:7848 is in state: CONNECTING.

2026-05-17 10:58:54,031 INFO Truncated prefix logs in data path: D:\Downloads\nacos\data\protocol\raft\naming_persistent_service_v2\log from log index 0 to 8, cost 1 ms.

2026-05-17 10:58:54,033 INFO Starts FSMCaller successfully.

2026-05-17 10:58:54,036 INFO Loading snapshot, meta=last_included_index: 8
last_included_term: 8
peers: "169.254.205.49:7848"
.

2026-05-17 10:58:54,044 INFO Node <naming_persistent_service_v2/169.254.205.49:7848> onSnapshotLoadDone, last_included_index: 8
last_included_term: 8
peers: "169.254.205.49:7848"


2026-05-17 10:58:54,044 INFO Node <naming_persistent_service_v2/169.254.205.49:7848> target priority value has changed from: 0, to: -1.

2026-05-17 10:58:54,045 INFO Node <naming_persistent_service_v2/169.254.205.49:7848> init, term=8, lastLogId=LogId [index=8, term=8], conf=169.254.205.49:7848, oldConf=.

2026-05-17 10:58:54,046 INFO Node <naming_persistent_service_v2/169.254.205.49:7848> start vote and grant vote self, term=8.

2026-05-17 10:58:54,054 WARN Unable to fsync directory D:\Downloads\nacos\data\protocol\raft\naming_persistent_service_v2\meta-data on windows.

2026-05-17 10:58:54,054 INFO Save raft meta, path=D:\Downloads\nacos\data\protocol\raft\naming_persistent_service_v2\meta-data, term=9, votedFor=169.254.205.49:7848, cost time=8 ms

2026-05-17 10:58:54,054 INFO Node <naming_persistent_service_v2/169.254.205.49:7848> become leader of group, term=9, conf=169.254.205.49:7848, oldConf=.

2026-05-17 10:58:54,055 WARN RPC server is not started in RaftGroupService.

2026-05-17 10:58:54,055 INFO Start the RaftGroupService successfully.

2026-05-17 10:58:54,056 INFO onLeaderStart: term=9.

2026-05-17 10:58:54,071 INFO The number of active nodes increment to 3.

2026-05-17 10:58:54,153 INFO Truncated prefix logs in data path: D:\Downloads\nacos\data\protocol\raft\naming_instance_metadata\log from log index 0 to 8, cost 1 ms.

2026-05-17 10:58:54,153 INFO Starts FSMCaller successfully.

2026-05-17 10:58:54,159 INFO Loading snapshot, meta=last_included_index: 8
last_included_term: 8
peers: "169.254.205.49:7848"
.

2026-05-17 10:58:54,161 INFO Node <naming_instance_metadata/169.254.205.49:7848> onSnapshotLoadDone, last_included_index: 8
last_included_term: 8
peers: "169.254.205.49:7848"


2026-05-17 10:58:54,161 INFO Node <naming_instance_metadata/169.254.205.49:7848> target priority value has changed from: 0, to: -1.

2026-05-17 10:58:54,161 INFO Node <naming_instance_metadata/169.254.205.49:7848> init, term=8, lastLogId=LogId [index=8, term=8], conf=169.254.205.49:7848, oldConf=.

2026-05-17 10:58:54,162 INFO Node <naming_instance_metadata/169.254.205.49:7848> start vote and grant vote self, term=8.

2026-05-17 10:58:54,170 WARN Unable to fsync directory D:\Downloads\nacos\data\protocol\raft\naming_instance_metadata\meta-data on windows.

2026-05-17 10:58:54,170 INFO Save raft meta, path=D:\Downloads\nacos\data\protocol\raft\naming_instance_metadata\meta-data, term=9, votedFor=169.254.205.49:7848, cost time=8 ms

2026-05-17 10:58:54,170 INFO Node <naming_instance_metadata/169.254.205.49:7848> become leader of group, term=9, conf=169.254.205.49:7848, oldConf=.

2026-05-17 10:58:54,170 WARN RPC server is not started in RaftGroupService.

2026-05-17 10:58:54,170 INFO Start the RaftGroupService successfully.

2026-05-17 10:58:54,173 INFO onLeaderStart: term=9.

2026-05-17 10:58:54,176 INFO The number of active nodes increment to 4.

2026-05-17 10:58:54,236 INFO The channel 169.254.205.49:7848 is in state: READY.

2026-05-17 10:58:54,236 INFO The channel 169.254.205.49:7848 has successfully established.

2026-05-17 10:58:54,252 INFO Truncated prefix logs in data path: D:\Downloads\nacos\data\protocol\raft\naming_service_metadata\log from log index 0 to 8, cost 0 ms.

2026-05-17 10:58:54,253 INFO Starts FSMCaller successfully.

2026-05-17 10:58:54,258 INFO Loading snapshot, meta=last_included_index: 8
last_included_term: 8
peers: "169.254.205.49:7848"
.

2026-05-17 10:58:54,260 INFO Node <naming_service_metadata/169.254.205.49:7848> onSnapshotLoadDone, last_included_index: 8
last_included_term: 8
peers: "169.254.205.49:7848"


2026-05-17 10:58:54,260 INFO Node <naming_service_metadata/169.254.205.49:7848> target priority value has changed from: 0, to: -1.

2026-05-17 10:58:54,260 INFO Node <naming_service_metadata/169.254.205.49:7848> init, term=8, lastLogId=LogId [index=8, term=8], conf=169.254.205.49:7848, oldConf=.

2026-05-17 10:58:54,261 INFO Node <naming_service_metadata/169.254.205.49:7848> start vote and grant vote self, term=8.

2026-05-17 10:58:54,267 WARN Unable to fsync directory D:\Downloads\nacos\data\protocol\raft\naming_service_metadata\meta-data on windows.

2026-05-17 10:58:54,267 INFO Save raft meta, path=D:\Downloads\nacos\data\protocol\raft\naming_service_metadata\meta-data, term=9, votedFor=169.254.205.49:7848, cost time=5 ms

2026-05-17 10:58:54,267 INFO Node <naming_service_metadata/169.254.205.49:7848> become leader of group, term=9, conf=169.254.205.49:7848, oldConf=.

2026-05-17 10:58:54,268 WARN RPC server is not started in RaftGroupService.

2026-05-17 10:58:54,268 INFO Start the RaftGroupService successfully.

2026-05-17 10:58:54,271 INFO onLeaderStart: term=9.

2026-05-17 11:15:39,276 WARN Unable to fsync directory D:\Downloads\nacos\data\protocol\raft\naming_service_metadata\snapshot\temp on windows.

2026-05-17 11:15:39,276 INFO Deleting snapshot D:\Downloads\nacos\data\protocol\raft\naming_service_metadata\snapshot\snapshot_9.

2026-05-17 11:15:39,276 INFO Renaming D:\Downloads\nacos\data\protocol\raft\naming_service_metadata\snapshot\temp to D:\Downloads\nacos\data\protocol\raft\naming_service_metadata\snapshot\snapshot_9.

2026-05-17 11:15:39,276 WARN Unable to fsync directory D:\Downloads\nacos\data\protocol\raft\naming_service_metadata\snapshot on windows.

2026-05-17 11:15:39,276 INFO Deleting snapshot D:\Downloads\nacos\data\protocol\raft\naming_service_metadata\snapshot\snapshot_8.

2026-05-17 11:15:39,276 INFO Truncated prefix logs in data path: D:\Downloads\nacos\data\protocol\raft\naming_service_metadata\log from log index 8 to 9, cost 0 ms.

2026-05-17 11:18:50,445 WARN Unable to fsync directory D:\Downloads\nacos\data\protocol\raft\naming_persistent_service\snapshot\temp on windows.

2026-05-17 11:18:50,445 INFO Deleting snapshot D:\Downloads\nacos\data\protocol\raft\naming_persistent_service\snapshot\snapshot_9.

2026-05-17 11:18:50,445 INFO Renaming D:\Downloads\nacos\data\protocol\raft\naming_persistent_service\snapshot\temp to D:\Downloads\nacos\data\protocol\raft\naming_persistent_service\snapshot\snapshot_9.

2026-05-17 11:18:50,445 WARN Unable to fsync directory D:\Downloads\nacos\data\protocol\raft\naming_persistent_service\snapshot on windows.

2026-05-17 11:18:50,445 INFO Deleting snapshot D:\Downloads\nacos\data\protocol\raft\naming_persistent_service\snapshot\snapshot_8.

2026-05-17 11:18:50,445 INFO Truncated prefix logs in data path: D:\Downloads\nacos\data\protocol\raft\naming_persistent_service\log from log index 8 to 9, cost 0 ms.

2026-05-17 11:21:32,382 WARN Unable to fsync directory D:\Downloads\nacos\data\protocol\raft\naming_instance_metadata\snapshot\temp on windows.

2026-05-17 11:21:32,382 INFO Deleting snapshot D:\Downloads\nacos\data\protocol\raft\naming_instance_metadata\snapshot\snapshot_9.

2026-05-17 11:21:32,382 INFO Renaming D:\Downloads\nacos\data\protocol\raft\naming_instance_metadata\snapshot\temp to D:\Downloads\nacos\data\protocol\raft\naming_instance_metadata\snapshot\snapshot_9.

2026-05-17 11:21:32,382 WARN Unable to fsync directory D:\Downloads\nacos\data\protocol\raft\naming_instance_metadata\snapshot on windows.

2026-05-17 11:21:32,382 INFO Deleting snapshot D:\Downloads\nacos\data\protocol\raft\naming_instance_metadata\snapshot\snapshot_8.

2026-05-17 11:21:32,393 INFO Truncated prefix logs in data path: D:\Downloads\nacos\data\protocol\raft\naming_instance_metadata\log from log index 8 to 9, cost 0 ms.

2026-05-17 11:22:04,620 WARN Unable to fsync directory D:\Downloads\nacos\data\protocol\raft\naming_persistent_service_v2\snapshot\temp on windows.

2026-05-17 11:22:04,620 INFO Deleting snapshot D:\Downloads\nacos\data\protocol\raft\naming_persistent_service_v2\snapshot\snapshot_9.

2026-05-17 11:22:04,620 INFO Renaming D:\Downloads\nacos\data\protocol\raft\naming_persistent_service_v2\snapshot\temp to D:\Downloads\nacos\data\protocol\raft\naming_persistent_service_v2\snapshot\snapshot_9.

2026-05-17 11:22:04,626 WARN Unable to fsync directory D:\Downloads\nacos\data\protocol\raft\naming_persistent_service_v2\snapshot on windows.

2026-05-17 11:22:04,626 INFO Deleting snapshot D:\Downloads\nacos\data\protocol\raft\naming_persistent_service_v2\snapshot\snapshot_8.

2026-05-17 11:22:04,632 INFO Truncated prefix logs in data path: D:\Downloads\nacos\data\protocol\raft\naming_persistent_service_v2\log from log index 8 to 9, cost 0 ms.

2026-05-17 11:45:39,251 INFO Truncated prefix logs in data path: D:\Downloads\nacos\data\protocol\raft\naming_service_metadata\log from log index 9 to 10, cost 1 ms.

2026-05-17 11:48:50,435 INFO Truncated prefix logs in data path: D:\Downloads\nacos\data\protocol\raft\naming_persistent_service\log from log index 9 to 10, cost 0 ms.

2026-05-17 11:51:32,374 INFO Truncated prefix logs in data path: D:\Downloads\nacos\data\protocol\raft\naming_instance_metadata\log from log index 9 to 10, cost 0 ms.

2026-05-17 11:52:04,618 INFO Truncated prefix logs in data path: D:\Downloads\nacos\data\protocol\raft\naming_persistent_service_v2\log from log index 9 to 10, cost 0 ms.

2026-05-17 12:15:39,269 INFO Truncated prefix logs in data path: D:\Downloads\nacos\data\protocol\raft\naming_service_metadata\log from log index 10 to 10, cost 1 ms.

2026-05-17 12:18:50,440 INFO Truncated prefix logs in data path: D:\Downloads\nacos\data\protocol\raft\naming_persistent_service\log from log index 10 to 10, cost 0 ms.

2026-05-17 12:21:32,371 INFO Truncated prefix logs in data path: D:\Downloads\nacos\data\protocol\raft\naming_instance_metadata\log from log index 10 to 10, cost 0 ms.

2026-05-17 12:22:04,626 INFO Truncated prefix logs in data path: D:\Downloads\nacos\data\protocol\raft\naming_persistent_service_v2\log from log index 10 to 10, cost 0 ms.

2026-05-17 12:45:39,272 INFO Truncated prefix logs in data path: D:\Downloads\nacos\data\protocol\raft\naming_service_metadata\log from log index 10 to 10, cost 1 ms.

2026-05-17 12:48:50,443 INFO Truncated prefix logs in data path: D:\Downloads\nacos\data\protocol\raft\naming_persistent_service\log from log index 10 to 10, cost 0 ms.

2026-05-17 12:51:32,400 INFO Truncated prefix logs in data path: D:\Downloads\nacos\data\protocol\raft\naming_instance_metadata\log from log index 10 to 10, cost 0 ms.

2026-05-17 12:52:04,638 INFO Truncated prefix logs in data path: D:\Downloads\nacos\data\protocol\raft\naming_persistent_service_v2\log from log index 10 to 10, cost 0 ms.

2026-05-17 13:15:39,284 INFO Truncated prefix logs in data path: D:\Downloads\nacos\data\protocol\raft\naming_service_metadata\log from log index 10 to 10, cost 0 ms.

2026-05-17 13:18:50,469 INFO Truncated prefix logs in data path: D:\Downloads\nacos\data\protocol\raft\naming_persistent_service\log from log index 10 to 10, cost 0 ms.

2026-05-17 13:21:32,401 INFO Truncated prefix logs in data path: D:\Downloads\nacos\data\protocol\raft\naming_instance_metadata\log from log index 10 to 10, cost 0 ms.

2026-05-17 13:22:04,634 INFO Truncated prefix logs in data path: D:\Downloads\nacos\data\protocol\raft\naming_persistent_service_v2\log from log index 10 to 10, cost 0 ms.

2026-05-17 13:45:39,303 INFO Truncated prefix logs in data path: D:\Downloads\nacos\data\protocol\raft\naming_service_metadata\log from log index 10 to 10, cost 0 ms.

2026-05-17 13:48:50,467 INFO Truncated prefix logs in data path: D:\Downloads\nacos\data\protocol\raft\naming_persistent_service\log from log index 10 to 10, cost 0 ms.

2026-05-17 13:51:32,409 INFO Truncated prefix logs in data path: D:\Downloads\nacos\data\protocol\raft\naming_instance_metadata\log from log index 10 to 10, cost 0 ms.

2026-05-17 13:52:04,641 INFO Truncated prefix logs in data path: D:\Downloads\nacos\data\protocol\raft\naming_persistent_service_v2\log from log index 10 to 10, cost 0 ms.

2026-05-17 14:15:39,316 INFO Truncated prefix logs in data path: D:\Downloads\nacos\data\protocol\raft\naming_service_metadata\log from log index 10 to 10, cost 0 ms.

2026-05-17 14:18:50,496 INFO Truncated prefix logs in data path: D:\Downloads\nacos\data\protocol\raft\naming_persistent_service\log from log index 10 to 10, cost 1 ms.

2026-05-17 14:21:32,425 INFO Truncated prefix logs in data path: D:\Downloads\nacos\data\protocol\raft\naming_instance_metadata\log from log index 10 to 10, cost 0 ms.

2026-05-17 14:22:04,654 INFO Truncated prefix logs in data path: D:\Downloads\nacos\data\protocol\raft\naming_persistent_service_v2\log from log index 10 to 10, cost 0 ms.

2026-05-17 14:45:39,317 INFO Truncated prefix logs in data path: D:\Downloads\nacos\data\protocol\raft\naming_service_metadata\log from log index 10 to 10, cost 0 ms.

2026-05-17 14:48:50,508 INFO Truncated prefix logs in data path: D:\Downloads\nacos\data\protocol\raft\naming_persistent_service\log from log index 10 to 10, cost 0 ms.

2026-05-17 14:51:32,422 INFO Truncated prefix logs in data path: D:\Downloads\nacos\data\protocol\raft\naming_instance_metadata\log from log index 10 to 10, cost 0 ms.

2026-05-17 14:52:04,661 INFO Truncated prefix logs in data path: D:\Downloads\nacos\data\protocol\raft\naming_persistent_service_v2\log from log index 10 to 10, cost 0 ms.

2026-05-17 15:15:39,323 INFO Truncated prefix logs in data path: D:\Downloads\nacos\data\protocol\raft\naming_service_metadata\log from log index 10 to 10, cost 1 ms.

