2026-05-17 10:58:45,141 INFO notifyConnectTimeout:100

2026-05-17 10:58:45,154 INFO notifySocketTimeout:200

2026-05-17 10:58:45,155 INFO isHealthCheck:true

2026-05-17 10:58:45,155 INFO maxHealthCheckFailCount:12

2026-05-17 10:58:45,155 INFO maxContent:10485760

2026-05-17 10:58:51,137 WARN DumpService start

2026-05-17 10:58:51,138 INFO start clear all config-info.

2026-05-17 10:58:51,172 INFO clear all config-info success.

2026-05-17 10:58:51,172 INFO clear all config-info-tenant success.

2026-05-17 10:58:51,275 INFO All dump page size is set to 350 according to mem limit 3890 MB

2026-05-17 10:58:51,275 INFO start dump all config-info...

2026-05-17 10:58:51,320 INFO [all-dump] submit all task for 1029202978521944064 / 1029202978521944064, dbTime=43,diskTime=1

2026-05-17 10:58:51,321 INFO [all-dump] wait 1 dump tasks to be finished

2026-05-17 10:58:52,331 INFO success to  dump all config-info。

2026-05-17 10:58:52,331 INFO start clear all config-info-beta.

2026-05-17 10:58:52,331 INFO clear all config-info-beta success.

2026-05-17 10:58:52,331 INFO clear all config-info-beta-tenant success.

2026-05-17 10:58:52,360 INFO start clear all config-info-tag.

2026-05-17 10:58:52,360 INFO clear all config-info-tag success.

2026-05-17 10:58:52,360 INFO clear all config-info-tag-tenant success.

