2026-05-17 10:58:52,468 INFO Not configure type of control plugin, no limit control for current node.

2026-05-17 10:58:52,477 INFO Load connection metrics collector,size=2,[com.alibaba.nacos.config.server.service.LongPollingConnectionMetricsCollector@644ded04, com.alibaba.nacos.core.remote.LongConnectionMetricsCollector@13d9261f]

2026-05-17 10:58:52,477 INFO No connection rule content found ,use default empty rule 

2026-05-17 10:58:52,493 INFO No tps control rule of CONFIG_PUSH_COUNT found,content =null  

2026-05-17 10:58:52,493 WARN Tps point for CONFIG_PUSH_COUNT registered, But tps control manager is no limit implementation.

2026-05-17 10:58:52,493 INFO No tps control rule of CONFIG_PUSH_SUCCESS found,content =null  

2026-05-17 10:58:52,493 WARN Tps point for CONFIG_PUSH_SUCCESS registered, But tps control manager is no limit implementation.

2026-05-17 10:58:52,493 INFO No tps control rule of CONFIG_PUSH_FAIL found,content =null  

2026-05-17 10:58:52,494 WARN Tps point for CONFIG_PUSH_FAIL registered, But tps control manager is no limit implementation.

2026-05-17 10:58:55,577 INFO No tps control rule of ConfigQuery found,content =null  

2026-05-17 10:58:55,578 WARN Tps point for ConfigQuery registered, But tps control manager is no limit implementation.

2026-05-17 10:58:55,578 INFO No tps control rule of ClusterConfigChangeNotify found,content =null  

2026-05-17 10:58:55,578 WARN Tps point for ClusterConfigChangeNotify registered, But tps control manager is no limit implementation.

2026-05-17 10:58:55,587 INFO No tps control rule of ConfigListen found,content =null  

2026-05-17 10:58:55,587 WARN Tps point for ConfigListen registered, But tps control manager is no limit implementation.

2026-05-17 10:58:55,587 INFO No tps control rule of ConfigRemove found,content =null  

2026-05-17 10:58:55,587 WARN Tps point for ConfigRemove registered, But tps control manager is no limit implementation.

2026-05-17 10:58:55,588 INFO No tps control rule of ConfigPublish found,content =null  

2026-05-17 10:58:55,588 WARN Tps point for ConfigPublish registered, But tps control manager is no limit implementation.

2026-05-17 10:58:55,588 INFO No tps control rule of HealthCheck found,content =null  

2026-05-17 10:58:55,588 WARN Tps point for HealthCheck registered, But tps control manager is no limit implementation.

2026-05-17 10:58:55,588 INFO No tps control rule of RemoteNamingServiceQuery found,content =null  

2026-05-17 10:58:55,588 WARN Tps point for RemoteNamingServiceQuery registered, But tps control manager is no limit implementation.

2026-05-17 10:58:55,588 INFO No tps control rule of RemoteNamingInstanceBatchRegister found,content =null  

2026-05-17 10:58:55,588 WARN Tps point for RemoteNamingInstanceBatchRegister registered, But tps control manager is no limit implementation.

2026-05-17 10:58:55,588 INFO No tps control rule of RemoteNamingInstanceRegisterDeregister found,content =null  

2026-05-17 10:58:55,588 WARN Tps point for RemoteNamingInstanceRegisterDeregister registered, But tps control manager is no limit implementation.

2026-05-17 10:58:55,589 INFO No tps control rule of RemoteNamingServiceListQuery found,content =null  

2026-05-17 10:58:55,589 WARN Tps point for RemoteNamingServiceListQuery registered, But tps control manager is no limit implementation.

2026-05-17 10:58:55,589 INFO No tps control rule of RemoteNamingServiceSubscribeUnSubscribe found,content =null  

2026-05-17 10:58:55,589 WARN Tps point for RemoteNamingServiceSubscribeUnSubscribe registered, But tps control manager is no limit implementation.

2026-05-17 10:58:55,589 WARN Tps point for RemoteNamingInstanceRegisterDeregister registered, But tps control manager is no limit implementation.

2026-05-17 10:58:55,589 INFO No tps control rule of NamingInstanceDeregister found,content =null  

2026-05-17 10:58:55,590 WARN Tps point for NamingInstanceDeregister registered, But tps control manager is no limit implementation.

2026-05-17 10:58:55,590 INFO No tps control rule of NamingServiceListQuery found,content =null  

2026-05-17 10:58:55,590 WARN Tps point for NamingServiceListQuery registered, But tps control manager is no limit implementation.

2026-05-17 10:58:55,590 INFO No tps control rule of NamingInstanceUpdate found,content =null  

2026-05-17 10:58:55,590 WARN Tps point for NamingInstanceUpdate registered, But tps control manager is no limit implementation.

2026-05-17 10:58:55,590 INFO No tps control rule of NamingServiceRegister found,content =null  

2026-05-17 10:58:55,590 WARN Tps point for NamingServiceRegister registered, But tps control manager is no limit implementation.

2026-05-17 10:58:55,590 INFO No tps control rule of NamingInstanceQuery found,content =null  

2026-05-17 10:58:55,590 WARN Tps point for NamingInstanceQuery registered, But tps control manager is no limit implementation.

2026-05-17 10:58:55,590 INFO No tps control rule of NamingInstanceMetadataUpdate found,content =null  

2026-05-17 10:58:55,591 WARN Tps point for NamingInstanceMetadataUpdate registered, But tps control manager is no limit implementation.

2026-05-17 10:58:55,591 WARN Tps point for NamingInstanceUpdate registered, But tps control manager is no limit implementation.

2026-05-17 10:58:55,591 WARN Tps point for NamingInstanceMetadataUpdate registered, But tps control manager is no limit implementation.

2026-05-17 10:58:55,591 WARN Tps point for NamingServiceRegister registered, But tps control manager is no limit implementation.

2026-05-17 10:58:55,591 INFO No tps control rule of NamingServiceQuery found,content =null  

2026-05-17 10:58:55,591 WARN Tps point for NamingServiceQuery registered, But tps control manager is no limit implementation.

2026-05-17 10:58:55,591 INFO No tps control rule of HttpHealthCheck found,content =null  

2026-05-17 10:58:55,591 WARN Tps point for HttpHealthCheck registered, But tps control manager is no limit implementation.

2026-05-17 10:58:55,591 INFO No tps control rule of NamingInstanceRegister found,content =null  

2026-05-17 10:58:55,591 WARN Tps point for NamingInstanceRegister registered, But tps control manager is no limit implementation.

2026-05-17 10:58:55,591 INFO No tps control rule of NamingServiceSubscribe found,content =null  

2026-05-17 10:58:55,591 WARN Tps point for NamingServiceSubscribe registered, But tps control manager is no limit implementation.

2026-05-17 10:58:55,591 INFO No tps control rule of NamingServiceUpdate found,content =null  

2026-05-17 10:58:55,591 WARN Tps point for NamingServiceUpdate registered, But tps control manager is no limit implementation.

2026-05-17 10:58:55,591 WARN Tps point for NamingInstanceMetadataUpdate registered, But tps control manager is no limit implementation.

2026-05-17 10:58:55,591 WARN Tps point for NamingServiceListQuery registered, But tps control manager is no limit implementation.

2026-05-17 10:58:55,591 WARN Tps point for NamingInstanceQuery registered, But tps control manager is no limit implementation.

2026-05-17 10:58:55,591 WARN Tps point for NamingInstanceDeregister registered, But tps control manager is no limit implementation.

2026-05-17 10:58:55,591 WARN Tps point for NamingServiceQuery registered, But tps control manager is no limit implementation.

2026-05-17 10:58:55,591 WARN Tps point for NamingServiceSubscribe registered, But tps control manager is no limit implementation.

2026-05-17 10:58:55,591 WARN Tps point for NamingInstanceMetadataUpdate registered, But tps control manager is no limit implementation.

2026-05-17 10:58:55,591 WARN Tps point for ConfigPublish registered, But tps control manager is no limit implementation.

2026-05-17 10:58:55,593 INFO No tps control rule of NamingServiceDeregister found,content =null  

2026-05-17 10:58:55,593 WARN Tps point for NamingServiceDeregister registered, But tps control manager is no limit implementation.

2026-05-17 10:58:55,593 WARN Tps point for HttpHealthCheck registered, But tps control manager is no limit implementation.

2026-05-17 10:58:55,593 WARN Tps point for NamingServiceUpdate registered, But tps control manager is no limit implementation.

2026-05-17 10:58:55,593 WARN Tps point for NamingInstanceRegister registered, But tps control manager is no limit implementation.

2026-05-17 10:58:55,593 WARN Tps point for ConfigQuery registered, But tps control manager is no limit implementation.

2026-05-17 10:58:55,593 WARN Tps point for NamingServiceDeregister registered, But tps control manager is no limit implementation.

